../Core/Src/main.c:47:5:__io_putchar	16	static
../Core/Src/main.c:54:5:main	72	static
../Core/Src/main.c:110:6:HAL_UART_RxCpltCallback	16	static
../Core/Src/main.c:143:6:SystemClock_Config	72	static
../Core/Src/main.c:163:13:MX_I2C1_Init	8	static
../Core/Src/main.c:177:13:MX_USART1_UART_Init	8	static
../Core/Src/main.c:190:13:MX_USART2_UART_Init	8	static
../Core/Src/main.c:203:13:MX_GPIO_Init	40	static
../Core/Src/main.c:217:6:StartDefaultTask	16	static
../Core/Src/main.c:222:6:HAL_TIM_PeriodElapsedCallback	16	static
../Core/Src/main.c:227:6:Error_Handler	4	static,ignoring_inline_asm
